// Jest Snapshot v1, https://goo.gl/fbAQLP

exports[`<ForgotPassword /> renders correctly 1`] = `
<form
  className="Login-page"
>
  <div
    id="notification-wrapper"
  />
  <section
    className="Login-block"
  >
    <h1
      className="Login-logo"
    >
      <a
        href="https://appii.io"
      >
        <span>
          APPII
        </span>
      </a>
    </h1>
    <p
      className="Login-title"
    >
      Reset your password
    </p>
    <div
      className="form-group"
    >
      <input
        name="email"
        onChange={[Function]}
        placeholder="Email"
        type="text"
        value=""
      />
    </div>
    <div
      className="form-group"
    >
      <button
        className="border-btn"
        disabled={false}
        onClick={[Function]}
      >
        Send
      </button>
    </div>
  </section>
</form>
`;
