// Jest Snapshot v1, https://goo.gl/fbAQLP

exports[`<ResetPassword /> renders correctly 1`] = `
<form
  className="Login-page"
>
  <div
    id="notification-wrapper"
  />
  <section
    className="Login-block"
  >
    <h1
      className="Login-logo"
    >
      <a
        href="https://appii.io"
      >
        <span>
          APPII
        </span>
      </a>
    </h1>
    <p
      className="Login-title"
    >
      Reset your password
    </p>
    <div
      className="form-group"
    >
      <input
        name="password"
        onChange={[Function]}
        placeholder="Password"
        type="password"
        value=""
      />
    </div>
    <div
      className="form-group"
    >
      <input
        name="confirmPassword"
        onChange={[Function]}
        placeholder="Confirm password"
        type="password"
        value=""
      />
    </div>
    <div
      className="form-group"
    >
      <button
        className="border-btn"
        onClick={[Function]}
      >
        Reset
      </button>
    </div>
    <div
      className="form-group"
    >
      <p
        className="form-devider"
      >
        or
      </p>
    </div>
    <div
      className="form-group"
    >
      <a
        className="border-btn"
        href="/login"
        onClick={[Function]}
      >
        Login
      </a>
    </div>
  </section>
</form>
`;
